Resolving dependencies
Building Registry.P012.Challenge
ℹ [8956/8959] Replayed proofs.HordijkSteelThreshold.GatewayProbability
info: proofs/HordijkSteelThreshold/GatewayProbability.lean:169:14: Try this:
  [apply] ring_nf
  
  The `ring` tactic failed to close the goal. Use `ring_nf` to obtain a normal form.
    
  Note that `ring` works primarily in *commutative* rings. If you have a noncommutative ring, abelian group or module, consider using `noncomm_ring`, `abel` or `module` instead.
✔ [8958/8959] Built proofs.SparseLinearRAF.P012Foundation (16s)
⚠ [8959/8959] Built Registry.P012.Challenge (7.3s)
warning: Registry/P012/Challenge.lean:7:8: declaration uses `sorry`
warning: Registry/P012/Challenge.lean:11:8: declaration uses `sorry`
warning: Registry/P012/Challenge.lean:16:8: declaration uses `sorry`
Build completed successfully (8959 jobs).
Exporting #[Quot, Quot.mk, Quot.lift, Quot.ind, SparseLinearRAF.sparse_linear_raf_literature_resolution, SparseLinearRAF.no_high_probability_linear_raf, SparseLinearRAF.single_catalyst_probability_tendsto_zero, propext, Quot.sound, Classical.choice, Nat.add, Nat.sub, Nat.mul, Nat.pow, Nat.gcd, Nat.div, Nat.mod, Nat.beq, Nat.ble, Nat.land, Nat.lor, Nat.xor, Nat.shiftLeft, Nat.shiftRight, String.ofList, Char.ofNat, List, eagerReduce, Nat, String, String.mk, Char, optParam, autoParam, semiOutParam, outParam] from Registry.P012.Challenge
Building Registry.P012.Solution
ℹ [8965/8982] Replayed proofs.HordijkSteelThreshold.GatewayProbability
info: proofs/HordijkSteelThreshold/GatewayProbability.lean:169:14: Try this:
  [apply] ring_nf
  
  The `ring` tactic failed to close the goal. Use `ring_nf` to obtain a normal form.
    
  Note that `ring` works primarily in *commutative* rings. If you have a noncommutative ring, abelian group or module, consider using `noncomm_ring`, `abel` or `module` instead.
✔ [8980/8982] Built proofs.SparseLinearRAF.LiteratureResolution (16s)
✔ [8981/8982] Built proofs.SparseLinearRAF.SelfConstructionLimit (17s)
✔ [8982/8982] Built Registry.P012.Solution (14s)
Build completed successfully (8982 jobs).
Exporting #[Quot, Quot.mk, Quot.lift, Quot.ind, SparseLinearRAF.sparse_linear_raf_literature_resolution, SparseLinearRAF.no_high_probability_linear_raf, SparseLinearRAF.single_catalyst_probability_tendsto_zero, propext, Quot.sound, Classical.choice, Nat.add, Nat.sub, Nat.mul, Nat.pow, Nat.gcd, Nat.div, Nat.mod, Nat.beq, Nat.ble, Nat.land, Nat.lor, Nat.xor, Nat.shiftLeft, Nat.shiftRight, String.ofList, Char.ofNat, List, eagerReduce, Nat, String, String.mk, Char, optParam, autoParam, semiOutParam, outParam] from Registry.P012.Solution
Running con-ron kernel on solution
con-ron: 1 inductive blocks modelled in-process: Lean.Syntax (30 generated records, checked by the fold as declarations and not counted as records of the file)
con-ron: accepted 29242 declarations (--verified)
con-ron kernel accepts the solution
Running nanoda kernel on solution
nanoda kernel accepts the solution
Running Lean default kernel on solution
Lean default kernel accepts the solution
Your solution is okay!
